// Jest Snapshot v1, https://goo.gl/fbAQLP

exports[`FormLogin Rendering the simple component 1`] = `
ShallowWrapper {
  Symbol(enzyme.__root__): [Circular],
  Symbol(enzyme.__unrendered__): <FormLogin
    getUsername="usuario"
  />,
  Symbol(enzyme.__renderer__): Object {
    "batchedUpdates": [Function],
    "getNode": [Function],
    "render": [Function],
    "simulateEvent": [Function],
    "unmount": [Function],
  },
  Symbol(enzyme.__node__): Object {
    "instance": null,
    "key": undefined,
    "nodeType": "host",
    "props": Object {
      "children": <div
        className="row"
      >
        <div
          className="col-md-4 col-md-offset-4"
        >
          <form
            onSubmit={[Function]}
          >
            <img
              alt="logo"
              className="img-rounded"
              src="img/logo_riddling.png"
            />
            <p />
            <input
              onChange={[Function]}
              placeholder="Usuario"
              type="text"
              value=""
            />
            <p />
            <input
              onChange={[Function]}
              placeholder="Contraseña"
              type="password"
              value=""
            />
            <p />
            <input
              className="col-md-5 col-md-offset-1"
              type="submit"
              value="Entrar"
            />
          </form>
        </div>
      </div>,
      "className": "container",
    },
    "ref": null,
    "rendered": Object {
      "instance": null,
      "key": undefined,
      "nodeType": "host",
      "props": Object {
        "children": <div
          className="col-md-4 col-md-offset-4"
        >
          <form
            onSubmit={[Function]}
          >
            <img
              alt="logo"
              className="img-rounded"
              src="img/logo_riddling.png"
            />
            <p />
            <input
              onChange={[Function]}
              placeholder="Usuario"
              type="text"
              value=""
            />
            <p />
            <input
              onChange={[Function]}
              placeholder="Contraseña"
              type="password"
              value=""
            />
            <p />
            <input
              className="col-md-5 col-md-offset-1"
              type="submit"
              value="Entrar"
            />
          </form>
        </div>,
        "className": "row",
      },
      "ref": null,
      "rendered": Object {
        "instance": null,
        "key": undefined,
        "nodeType": "host",
        "props": Object {
          "children": <form
            onSubmit={[Function]}
          >
            <img
              alt="logo"
              className="img-rounded"
              src="img/logo_riddling.png"
            />
            <p />
            <input
              onChange={[Function]}
              placeholder="Usuario"
              type="text"
              value=""
            />
            <p />
            <input
              onChange={[Function]}
              placeholder="Contraseña"
              type="password"
              value=""
            />
            <p />
            <input
              className="col-md-5 col-md-offset-1"
              type="submit"
              value="Entrar"
            />
          </form>,
          "className": "col-md-4 col-md-offset-4",
        },
        "ref": null,
        "rendered": Object {
          "instance": null,
          "key": undefined,
          "nodeType": "host",
          "props": Object {
            "children": Array [
              <img
                alt="logo"
                className="img-rounded"
                src="img/logo_riddling.png"
              />,
              <p />,
              <input
                onChange={[Function]}
                placeholder="Usuario"
                type="text"
                value=""
              />,
              <p />,
              <input
                onChange={[Function]}
                placeholder="Contraseña"
                type="password"
                value=""
              />,
              <p />,
              <input
                className="col-md-5 col-md-offset-1"
                type="submit"
                value="Entrar"
              />,
            ],
            "onSubmit": [Function],
          },
          "ref": null,
          "rendered": Array [
            Object {
              "instance": null,
              "key": undefined,
              "nodeType": "host",
              "props": Object {
                "alt": "logo",
                "className": "img-rounded",
                "src": "img/logo_riddling.png",
              },
              "ref": null,
              "rendered": null,
              "type": "img",
            },
            Object {
              "instance": null,
              "key": undefined,
              "nodeType": "host",
              "props": Object {},
              "ref": null,
              "rendered": null,
              "type": "p",
            },
            Object {
              "instance": null,
              "key": undefined,
              "nodeType": "host",
              "props": Object {
                "onChange": [Function],
                "placeholder": "Usuario",
                "type": "text",
                "value": "",
              },
              "ref": null,
              "rendered": null,
              "type": "input",
            },
            Object {
              "instance": null,
              "key": undefined,
              "nodeType": "host",
              "props": Object {},
              "ref": null,
              "rendered": null,
              "type": "p",
            },
            Object {
              "instance": null,
              "key": undefined,
              "nodeType": "host",
              "props": Object {
                "onChange": [Function],
                "placeholder": "Contraseña",
                "type": "password",
                "value": "",
              },
              "ref": null,
              "rendered": null,
              "type": "input",
            },
            Object {
              "instance": null,
              "key": undefined,
              "nodeType": "host",
              "props": Object {},
              "ref": null,
              "rendered": null,
              "type": "p",
            },
            Object {
              "instance": null,
              "key": undefined,
              "nodeType": "host",
              "props": Object {
                "className": "col-md-5 col-md-offset-1",
                "type": "submit",
                "value": "Entrar",
              },
              "ref": null,
              "rendered": null,
              "type": "input",
            },
          ],
          "type": "form",
        },
        "type": "div",
      },
      "type": "div",
    },
    "type": "div",
  },
  Symbol(enzyme.__nodes__): Array [
    Object {
      "instance": null,
      "key": undefined,
      "nodeType": "host",
      "props": Object {
        "children": <div
          className="row"
        >
          <div
            className="col-md-4 col-md-offset-4"
          >
            <form
              onSubmit={[Function]}
            >
              <img
                alt="logo"
                className="img-rounded"
                src="img/logo_riddling.png"
              />
              <p />
              <input
                onChange={[Function]}
                placeholder="Usuario"
                type="text"
                value=""
              />
              <p />
              <input
                onChange={[Function]}
                placeholder="Contraseña"
                type="password"
                value=""
              />
              <p />
              <input
                className="col-md-5 col-md-offset-1"
                type="submit"
                value="Entrar"
              />
            </form>
          </div>
        </div>,
        "className": "container",
      },
      "ref": null,
      "rendered": Object {
        "instance": null,
        "key": undefined,
        "nodeType": "host",
        "props": Object {
          "children": <div
            className="col-md-4 col-md-offset-4"
          >
            <form
              onSubmit={[Function]}
            >
              <img
                alt="logo"
                className="img-rounded"
                src="img/logo_riddling.png"
              />
              <p />
              <input
                onChange={[Function]}
                placeholder="Usuario"
                type="text"
                value=""
              />
              <p />
              <input
                onChange={[Function]}
                placeholder="Contraseña"
                type="password"
                value=""
              />
              <p />
              <input
                className="col-md-5 col-md-offset-1"
                type="submit"
                value="Entrar"
              />
            </form>
          </div>,
          "className": "row",
        },
        "ref": null,
        "rendered": Object {
          "instance": null,
          "key": undefined,
          "nodeType": "host",
          "props": Object {
            "children": <form
              onSubmit={[Function]}
            >
              <img
                alt="logo"
                className="img-rounded"
                src="img/logo_riddling.png"
              />
              <p />
              <input
                onChange={[Function]}
                placeholder="Usuario"
                type="text"
                value=""
              />
              <p />
              <input
                onChange={[Function]}
                placeholder="Contraseña"
                type="password"
                value=""
              />
              <p />
              <input
                className="col-md-5 col-md-offset-1"
                type="submit"
                value="Entrar"
              />
            </form>,
            "className": "col-md-4 col-md-offset-4",
          },
          "ref": null,
          "rendered": Object {
            "instance": null,
            "key": undefined,
            "nodeType": "host",
            "props": Object {
              "children": Array [
                <img
                  alt="logo"
                  className="img-rounded"
                  src="img/logo_riddling.png"
                />,
                <p />,
                <input
                  onChange={[Function]}
                  placeholder="Usuario"
                  type="text"
                  value=""
                />,
                <p />,
                <input
                  onChange={[Function]}
                  placeholder="Contraseña"
                  type="password"
                  value=""
                />,
                <p />,
                <input
                  className="col-md-5 col-md-offset-1"
                  type="submit"
                  value="Entrar"
                />,
              ],
              "onSubmit": [Function],
            },
            "ref": null,
            "rendered": Array [
              Object {
                "instance": null,
                "key": undefined,
                "nodeType": "host",
                "props": Object {
                  "alt": "logo",
                  "className": "img-rounded",
                  "src": "img/logo_riddling.png",
                },
                "ref": null,
                "rendered": null,
                "type": "img",
              },
              Object {
                "instance": null,
                "key": undefined,
                "nodeType": "host",
                "props": Object {},
                "ref": null,
                "rendered": null,
                "type": "p",
              },
              Object {
                "instance": null,
                "key": undefined,
                "nodeType": "host",
                "props": Object {
                  "onChange": [Function],
                  "placeholder": "Usuario",
                  "type": "text",
                  "value": "",
                },
                "ref": null,
                "rendered": null,
                "type": "input",
              },
              Object {
                "instance": null,
                "key": undefined,
                "nodeType": "host",
                "props": Object {},
                "ref": null,
                "rendered": null,
                "type": "p",
              },
              Object {
                "instance": null,
                "key": undefined,
                "nodeType": "host",
                "props": Object {
                  "onChange": [Function],
                  "placeholder": "Contraseña",
                  "type": "password",
                  "value": "",
                },
                "ref": null,
                "rendered": null,
                "type": "input",
              },
              Object {
                "instance": null,
                "key": undefined,
                "nodeType": "host",
                "props": Object {},
                "ref": null,
                "rendered": null,
                "type": "p",
              },
              Object {
                "instance": null,
                "key": undefined,
                "nodeType": "host",
                "props": Object {
                  "className": "col-md-5 col-md-offset-1",
                  "type": "submit",
                  "value": "Entrar",
                },
                "ref": null,
                "rendered": null,
                "type": "input",
              },
            ],
            "type": "form",
          },
          "type": "div",
        },
        "type": "div",
      },
      "type": "div",
    },
  ],
  Symbol(enzyme.__options__): Object {
    "adapter": ReactSixteenAdapter {
      "options": Object {
        "enableComponentDidUpdateOnSetState": true,
        "lifecycles": Object {
          "componentDidUpdate": Object {
            "onSetState": true,
          },
          "getDerivedStateFromProps": true,
          "getSnapshotBeforeUpdate": true,
          "setState": Object {
            "skipsComponentDidUpdateOnNullish": true,
          },
        },
      },
    },
    "attachTo": undefined,
    "hydrateIn": undefined,
  },
}
`;
